error: primitive arithmetic must use the nominal arithmetic surface
  --> $DIR/producer.rs:15:17
   |
LL |                 left.checked_add(right).unwrap_or_default()
   |                 ^^^^^^^^^^^^^^^^^^^^^^^
   |
   = note: requested on the command line with `-D primitive-arithmetic`

error: primitive arithmetic must use the nominal arithmetic surface
  --> $DIR/producer.rs:23:9
   |
LL |         left.saturating_add(right)
   |         ^^^^^^^^^^^^^^^^^^^^^^^^^^

error: primitive arithmetic must use the nominal arithmetic surface
  --> $DIR/producer.rs:30:18
   |
LL |             Self(self.0.strict_add(rhs.0))
   |                  ^^^^^^^^^^^^^^^^^^^^^^^^

error: primitive arithmetic must use the nominal arithmetic surface
  --> $DIR/producer.rs:39:18
   |
LL |             Self(self.0.strict_add(rhs.0))
   |                  ^^^^^^^^^^^^^^^^^^^^^^^^

error: aborting due to 4 previous errors

