error: crate-defined fields must preserve the reason for absence instead of holding Option; a serde or clap target may keep it as wire form
  --> $DIR/fields.rs:10:13
   |
LL |     direct: Option<Value>,
   |             ^^^^^^^^^^^^^
   |
   = note: requested on the command line with `-D option-field`

error: crate-defined fields must preserve the reason for absence instead of holding Option; a serde or clap target may keep it as wire form
  --> $DIR/fields.rs:11:14
   |
LL |     aliased: Missing<Value>,
   |              ^^^^^^^^^^^^^^

error: crate-defined fields must preserve the reason for absence instead of holding Option; a serde or clap target may keep it as wire form
  --> $DIR/fields.rs:12:13
   |
LL |     nested: Vec<(Value, Option<Value>)>,
   |             ^^^^^^^^^^^^^^^^^^^^^^^^^^^

error: crate-defined fields must preserve the reason for absence instead of holding Option; a serde or clap target may keep it as wire form
  --> $DIR/fields.rs:13:15
   |
LL |     borrowed: &'static Option<Value>,
   |               ^^^^^^^^^^^^^^^^^^^^^^

error: crate-defined fields must preserve the reason for absence instead of holding Option; a serde or clap target may keep it as wire form
  --> $DIR/fields.rs:18:19
   |
LL |     Some { value: Option<Value> },
   |                   ^^^^^^^^^^^^^

error: crate-defined fields must preserve the reason for absence instead of holding Option; a serde or clap target may keep it as wire form
  --> $DIR/fields.rs:19:11
   |
LL |     Tuple(Missing<Value>),
   |           ^^^^^^^^^^^^^^

error: crate-defined fields must preserve the reason for absence instead of holding Option; a serde or clap target may keep it as wire form
  --> $DIR/fields.rs:57:13
   |
LL |     direct: Option<Value>,
   |             ^^^^^^^^^^^^^

error: aborting due to 7 previous errors

