error: this function's `# Specification` states clauses but it carries no `#[spec(...)]` attribute; an executable predicate checks a clause on every enforcing call, and an obligation no runtime predicate can express is exempted in the block
  --> $DIR/executable.rs:151:8
   |
LL |     fn current(&self) -> Count;
   |        ^^^^^^^
   |
   = help: state a substantive predicate with `#[spec(requires: ...)]`, `#[spec(maintains: ...)]` or `#[spec(ensures: |output| ...)]`, or end the block's clauses, before any `- intension:`, with `- executable: none — <why no runtime predicate expresses the obligation>`
note: the lint level is defined here
  --> $DIR/executable.rs:2:52
   |
LL | #![cfg_attr(dylint_lib = "quenchant_dylints", deny(spec_attribute_present))]
   |                                                    ^^^^^^^^^^^^^^^^^^^^^^

error: this function's `# Specification` states clauses but it carries no `#[spec(...)]` attribute; an executable predicate checks a clause on every enforcing call, and an obligation no runtime predicate can express is exempted in the block
  --> $DIR/executable.rs:159:4
   |
LL | fn unchecked(count: Count) -> Count
   |    ^^^^^^^^^
   |
   = help: state a substantive predicate with `#[spec(requires: ...)]`, `#[spec(maintains: ...)]` or `#[spec(ensures: |output| ...)]`, or end the block's clauses, before any `- intension:`, with `- executable: none — <why no runtime predicate expresses the obligation>`

error: this function's `#[spec]` states no `requires:`, `maintains:` or `ensures:` predicate, so it checks nothing on any call
  --> $DIR/executable.rs:170:4
   |
LL | fn bare_attribute(count: Count) -> Count
   |    ^^^^^^^^^^^^^^
   |
   = help: state a substantive predicate with `#[spec(requires: ...)]`, `#[spec(maintains: ...)]` or `#[spec(ensures: |output| ...)]`, or end the block's clauses, before any `- intension:`, with `- executable: none — <why no runtime predicate expresses the obligation>`

error: this predicate is a literal truth: it holds on every call, so it checks nothing the signature does not
  --> $DIR/executable.rs:180:18
   |
LL | #[spec(requires: true)]
   |                  ^^^^
   |
   = help: state a substantive predicate with `#[spec(requires: ...)]`, `#[spec(maintains: ...)]` or `#[spec(ensures: |output| ...)]`, or end the block's clauses, before any `- intension:`, with `- executable: none — <why no runtime predicate expresses the obligation>`

error: this predicate is a literal truth: it holds on every call, so it checks nothing the signature does not
  --> $DIR/executable.rs:191:28
   |
LL | #[spec(ensures: |_output| (true))]
   |                            ^^^^
   |
   = help: state a substantive predicate with `#[spec(requires: ...)]`, `#[spec(maintains: ...)]` or `#[spec(ensures: |output| ...)]`, or end the block's clauses, before any `- intension:`, with `- executable: none — <why no runtime predicate expresses the obligation>`

error: this predicate compares an expression with itself: it holds on every call, so it checks nothing the signature does not
  --> $DIR/executable.rs:202:18
   |
LL | #[spec(requires: count == count)]
   |                  ^^^^^^^^^^^^^^
   |
   = help: state a substantive predicate with `#[spec(requires: ...)]`, `#[spec(maintains: ...)]` or `#[spec(ensures: |output| ...)]`, or end the block's clauses, before any `- intension:`, with `- executable: none — <why no runtime predicate expresses the obligation>`

error: this predicate holds for every value of its subject's type: it restates the signature rather than checking a clause
  --> $DIR/executable.rs:213:26
   |
LL | #[spec(ensures: |output| matches!(output, _))]
   |                          ^^^^^^^^^^^^^^^^^^^
   |
   = help: state a substantive predicate with `#[spec(requires: ...)]`, `#[spec(maintains: ...)]` or `#[spec(ensures: |output| ...)]`, or end the block's clauses, before any `- intension:`, with `- executable: none — <why no runtime predicate expresses the obligation>`

error: this predicate holds for every value of its subject's type: it restates the signature rather than checking a clause
  --> $DIR/executable.rs:224:26
   |
LL | #[spec(ensures: |output| matches!(output, Ok(_) | Err(_)))]
   |                          ^^^^^^^^^^^^^^^^^^^^^^^^^^^^^^^^
   |
   = help: state a substantive predicate with `#[spec(requires: ...)]`, `#[spec(maintains: ...)]` or `#[spec(ensures: |output| ...)]`, or end the block's clauses, before any `- intension:`, with `- executable: none — <why no runtime predicate expresses the obligation>`

error: this predicate holds for every value of its subject's type: it restates the signature rather than checking a clause
  --> $DIR/executable.rs:235:26
   |
LL | #[spec(ensures: |output| output.is_ok() || output.is_err())]
   |                          ^^^^^^^^^^^^^^^^^^^^^^^^^^^^^^^^^
   |
   = help: state a substantive predicate with `#[spec(requires: ...)]`, `#[spec(maintains: ...)]` or `#[spec(ensures: |output| ...)]`, or end the block's clauses, before any `- intension:`, with `- executable: none — <why no runtime predicate expresses the obligation>`

error: this predicate repeats an earlier one under the same clause, so it checks nothing more
  --> $DIR/executable.rs:246:40
   |
LL | #[spec(requires: [count > Count::ZERO, count > Count::ZERO])]
   |                                        ^^^^^^^^^^^^^^^^^^^
   |
   = help: state a substantive predicate with `#[spec(requires: ...)]`, `#[spec(maintains: ...)]` or `#[spec(ensures: |output| ...)]`, or end the block's clauses, before any `- intension:`, with `- executable: none — <why no runtime predicate expresses the obligation>`

error: `- executable:` must read `none — <reason>`: the exemption claims that no runtime predicate expresses the obligation, and the reason is what review weighs
  --> $DIR/executable.rs:258:4
   |
LL | fn unreasoned(count: Count) -> Count
   |    ^^^^^^^^^^
   |
   = help: state a substantive predicate with `#[spec(requires: ...)]`, `#[spec(maintains: ...)]` or `#[spec(ensures: |output| ...)]`, or end the block's clauses, before any `- intension:`, with `- executable: none — <why no runtime predicate expresses the obligation>`

error: `- executable:` must be the block's last clause before `- intension:`
  --> $DIR/executable.rs:269:4
   |
LL | fn misplaced(count: Count) -> Count
   |    ^^^^^^^^^
   |
   = help: state a substantive predicate with `#[spec(requires: ...)]`, `#[spec(maintains: ...)]` or `#[spec(ensures: |output| ...)]`, or end the block's clauses, before any `- intension:`, with `- executable: none — <why no runtime predicate expresses the obligation>`

error: `- executable:` may appear at most once
  --> $DIR/executable.rs:281:4
   |
LL | fn twice_exempted(count: Count) -> Count
   |    ^^^^^^^^^^^^^^
   |
   = help: state a substantive predicate with `#[spec(requires: ...)]`, `#[spec(maintains: ...)]` or `#[spec(ensures: |output| ...)]`, or end the block's clauses, before any `- intension:`, with `- executable: none — <why no runtime predicate expresses the obligation>`

error: `- executable: none` claims no runtime predicate expresses this function's obligation, but its `#[spec]` states one; keep the predicate and drop the exemption, or the reverse
  --> $DIR/executable.rs:293:4
   |
LL | fn contradicted(count: Count) -> Count
   |    ^^^^^^^^^^^^
   |
   = help: state a substantive predicate with `#[spec(requires: ...)]`, `#[spec(maintains: ...)]` or `#[spec(ensures: |output| ...)]`, or end the block's clauses, before any `- intension:`, with `- executable: none — <why no runtime predicate expresses the obligation>`

error: aborting due to 14 previous errors

